2025-04-04 05:02:35.754424 - Received CBT.V508.FILE143.PDS from FILE143.XMI 
2025-04-04 05:02:35.755532 - Found $$$#DATE.txt (text/plain) in CBT.V508.FILE143.PDS, moved to PDS/$$$#DATE
2025-04-04 05:02:35.755683 - Found $$$DOC.txt (text/plain) in CBT.V508.FILE143.PDS, moved to PDS/$$$DOC
2025-04-04 05:02:35.755825 - Found @FILE143.txt (text/plain) in CBT.V508.FILE143.PDS, moved to PDS/@FILE143
2025-04-04 05:02:35.755977 - Found DDDISK.txt (text/plain) in CBT.V508.FILE143.PDS, moved to PDS/DDDISK
2025-04-04 05:02:35.756108 - Found DDTAPE.txt (text/plain) in CBT.V508.FILE143.PDS, moved to PDS/DDTAPE
2025-04-04 05:02:35.756227 - Found IDCAMLMA.txt (text/plain) in CBT.V508.FILE143.PDS, moved to PDS/IDCAMLMA
2025-04-04 05:02:35.756391 - Found IDCAMLMB.txt (text/plain) in CBT.V508.FILE143.PDS, moved to PDS/IDCAMLMB
2025-04-04 05:02:35.756528 - Found IDCAMLMC.txt (text/plain) in CBT.V508.FILE143.PDS, moved to PDS/IDCAMLMC
2025-04-04 05:02:35.756644 - Found IDCAMLMD.txt (text/plain) in CBT.V508.FILE143.PDS, moved to PDS/IDCAMLMD
2025-04-04 05:02:35.756768 - Found IDCAMLMG.txt (text/plain) in CBT.V508.FILE143.PDS, moved to PDS/IDCAMLMG
2025-04-04 05:02:35.756897 - Found IDCAMLMI.txt (text/plain) in CBT.V508.FILE143.PDS, moved to PDS/IDCAMLMI
2025-04-04 05:02:35.757020 - Found IDCAMLMK.txt (text/plain) in CBT.V508.FILE143.PDS, moved to PDS/IDCAMLMK
2025-04-04 05:02:35.757135 - Found IDCAMLML.txt (text/plain) in CBT.V508.FILE143.PDS, moved to PDS/IDCAMLML
2025-04-04 05:02:35.757250 - Found IDCAMLMN.txt (text/plain) in CBT.V508.FILE143.PDS, moved to PDS/IDCAMLMN
2025-04-04 05:02:35.757377 - Found IDCAMLMP.txt (text/plain) in CBT.V508.FILE143.PDS, moved to PDS/IDCAMLMP
2025-04-04 05:02:35.757514 - Found IDCAMLMR.txt (text/plain) in CBT.V508.FILE143.PDS, moved to PDS/IDCAMLMR
2025-04-04 05:02:35.757641 - Found IDCAMLMV.txt (text/plain) in CBT.V508.FILE143.PDS, moved to PDS/IDCAMLMV
2025-04-04 05:02:35.757760 - Found IDCAMLMX.txt (text/plain) in CBT.V508.FILE143.PDS, moved to PDS/IDCAMLMX
2025-04-04 05:02:35.757882 - Found IDCAMLSB.txt (text/plain) in CBT.V508.FILE143.PDS, moved to PDS/IDCAMLSB
2025-04-04 05:02:35.758019 - Found IDCAMLSH.txt (text/plain) in CBT.V508.FILE143.PDS, moved to PDS/IDCAMLSH
2025-04-04 05:02:35.758131 - Found IDCAMLST.txt (text/plain) in CBT.V508.FILE143.PDS, moved to PDS/IDCAMLST
2025-04-04 05:02:35.758248 - Found IDCAML10.txt (text/plain) in CBT.V508.FILE143.PDS, moved to PDS/IDCAML10
2025-04-04 05:02:35.758366 - Found IDCAMPRT.txt (text/plain) in CBT.V508.FILE143.PDS, moved to PDS/IDCAMPRT
2025-04-04 05:02:35.758495 - Found IDCAMP10.txt (text/plain) in CBT.V508.FILE143.PDS, moved to PDS/IDCAMP10
2025-04-04 05:02:35.758654 - Found IDCAMSPF.txt (text/plain) in CBT.V508.FILE143.PDS, moved to PDS/IDCAMSPF
2025-04-04 05:02:35.758774 - Found ISPCOMP.txt (text/plain) in CBT.V508.FILE143.PDS, moved to PDS/ISPCOMP
2025-04-04 05:02:35.758886 - Found ISPCOMPC.txt (text/plain) in CBT.V508.FILE143.PDS, moved to PDS/ISPCOMPC
2025-04-04 05:02:35.758997 - Found ISPCOMPF.txt (text/plain) in CBT.V508.FILE143.PDS, moved to PDS/ISPCOMPF
2025-04-04 05:02:35.759120 - Found ISPCOMPH.txt (text/plain) in CBT.V508.FILE143.PDS, moved to PDS/ISPCOMPH
2025-04-04 05:02:35.759239 - Found ISPCOMPP.txt (text/plain) in CBT.V508.FILE143.PDS, moved to PDS/ISPCOMPP
2025-04-04 05:02:35.759363 - Found JOBCARD.txt (text/plain) in CBT.V508.FILE143.PDS, moved to PDS/JOBCARD
2025-04-04 05:02:35.759499 - Found L.txt (text/plain) in CBT.V508.FILE143.PDS, moved to PDS/L
2025-04-04 05:02:35.759636 - Found MENU.txt (text/plain) in CBT.V508.FILE143.PDS, moved to PDS/MENU
2025-04-04 05:02:35.759771 - Found TECHSERV.txt (text/plain) in CBT.V508.FILE143.PDS, moved to PDS/TECHSERV
2025-04-04 05:02:35.759895 - Found TESTDATA.txt (text/plain) in CBT.V508.FILE143.PDS, moved to PDS/TESTDATA
